<?xml version="1.0" encoding="UTF-8" ?>
<testsuites name="vitest tests" tests="4" failures="0" errors="0" time="0.0646263">
    <testsuite name="src/@ecars/uiKit/BlogCard/BlogCardComponent.test.tsx" timestamp="2025-08-11T21:11:25.927Z" hostname="ASUS" tests="4" failures="0" errors="0" skipped="0" time="0.0646263">
        <testcase classname="src/@ecars/uiKit/BlogCard/BlogCardComponent.test.tsx" name="Blog Card Component &gt; renders correctly with row direction, category, title has a description" time="0.0346131">
        </testcase>
        <testcase classname="src/@ecars/uiKit/BlogCard/BlogCardComponent.test.tsx" name="Blog Card Component &gt; renders correctly with row direction, category, title " time="0.0107821">
        </testcase>
        <testcase classname="src/@ecars/uiKit/BlogCard/BlogCardComponent.test.tsx" name="Blog Card Component &gt; renders correctly with column direction, category, title has a description" time="0.0097025">
        </testcase>
        <testcase classname="src/@ecars/uiKit/BlogCard/BlogCardComponent.test.tsx" name="Blog Card Component &gt; renders correctly with column direction, category, title " time="0.0071042">
        </testcase>
    </testsuite>
</testsuites>
